[     0s] loading
[    12s] A. Table 1 with one labelling rule
[    68s] {"naive_distance_only": {"n": 69455, "park_n": 2491, "nonpark_n": 66964, "park_mean": 4.7001, "park_median": 3.0, "nonpark_mean": 3.5603, "nonpark_median": 2.0, "mw_p": 0.0, "r": 0.115, "cles": 0.5575, "mean_ratio": 1.3202}, "naive_combined_flag": {"n": 69455, "park_n": 2500, "nonpark_n": 66955, "park_mean": 4.694, "park_median": 3.0, "nonpark_mean": 3.5604, "nonpark_median": 2.0, "mw_p": 0.0, "r": 0.1141, "cles": 0.5571, "mean_ratio": 1.3184}, "resolved_187": {"n": 7886, "park_n": 187, "nonpark_n": 7699, "park_mean": 17.0, "park_median": 7.0, "nonpark_mean": 11.8271, "nonpark_median": 5.0, "mw_p": 0.0012, "r": 0.1382, "cles": 0.5691, "mean_ratio": 1.4374}}
[    68s] {"reps": 2000, "r_naive_ci95": [0.060071837573246016, 0.17488124280655612], "r_resolved_ci95": [0.05331214587671715, 0.22498011189501663], "diff_mean": -0.021984699315837113, "diff_ci90": [-0.10696752376605004, 0.06259682026553182], "diff_ci95": [-0.11860683157688927, 0.07716980362515972], "tost_equivalent_within_0.10": false, "tost_equivalent_within_0.05": false}
[    68s] B. share intervals
[   106s]    cap6: point 0.476 CI [0.03716601837693012, 3.2965157749661222]
[   143s]    cap8: point 0.393 CI [0.02579898286618223, 2.639722566064624]
[   181s]    cap10: point 0.486 CI [0.1332267314793509, 3.081390222384621]
[   219s]    cap15: point 0.329 CI [0.045909895932378285, 1.9118925081114255]
[   262s]    fractional: point 0.380 CI [-0.21037583554032158, 4.359140337083317]
[   262s] C. placebo at other caps
[   391s]    cap6: share 0.365 removed 0.476 placebo mean -0.005 max 0.489 p 0.0020
[   531s]    cap15: share 0.101 removed 0.329 placebo mean -0.001 max 0.266 p 0.0010
[   531s] D. power recalibration
[   541s]    sd at mult 1: 0.0541; at 8: 0.1542
[   588s]    calibrated dispersion multiplier 2.230 (sd 0.0790)
[   613s]    IRR 1.0: model 0.069 perm 0.013
[   639s]    IRR 1.1: model 0.429 perm 0.177
[   665s]    IRR 1.1145: model 0.483 perm 0.220
[   691s]    IRR 1.15: model 0.651 perm 0.358
[   717s]    IRR 1.25: model 0.916 perm 0.757
[   742s]    IRR 1.5: model 1.000 perm 0.999
[   742s] E. July-vintage denominator
[   744s]    July cap10: IRR 1.0388 removed 0.754
[   744s]    July fractional: IRR 1.0401 removed 0.746
[   744s] F. subsample benchmarks matched on institutions / treated
[   759s]    institutions_4800 draw 0: n 3466 treated 240 IRR 1.250 p 0.002 perm 0.028
[   922s]    institutions_4800 draw 10: n 3548 treated 249 IRR 1.146 p 0.057 perm 0.184
[  1083s]    institutions_4800 draw 20: n 3545 treated 235 IRR 1.102 p 0.172 perm 0.306
[  1223s]    institutions_4800: n 3542 treated 236 pass1 0.40 1-3 0.23 all 0.00
[  1241s]    treated_480 draw 0: n 4303 treated 278 IRR 1.181 p 0.016 perm 0.070
[  1420s]    treated_480 draw 10: n 4382 treated 289 IRR 1.262 p 0.000 perm 0.014
[  1610s]    treated_480 draw 20: n 4365 treated 283 IRR 1.174 p 0.017 perm 0.076
[  1775s]    treated_480: n 4300 treated 288 pass1 0.73 1-3 0.37 all 0.07
[  1775s] G. node counts and dropped institutions
[  1775s] {"institutions_in_works_with_institution_data": 8382, "non_isolated": 7811, "distinct_edges_all": 47742, "geocoded_frame": 7886, "geocoded_zero_degree": 465, "dropped_by_cap10": {"n": 275, "treated": 25, "mean_degree_treated": 27.76, "mean_degree_control": 19.992, "share_treated_dropped": 0.0496031746031746, "share_control_dropped": 0.03386616093199675}}
[  1775s] H. country fixed-effects permutation
